// Jest Snapshot v1, https://goo.gl/fbAQLP

exports[`Items News Items renders correctly 1`] = `ShallowWrapper {}`;
